⊢ ΛX.ΛY.λx:X.λy:Y.x : ∀X.∀Y.(X) ⇒ ((Y) ⇒ (X))
⊢ ΛX.ΛY.λx:X.λy:Y.x : ∀X.∀Y.(X) ⇒ ((Y) ⇒ (X))
⊢ ΛX.ΛY.λf:(X) ⇒ (Y).λx:X.(f) x : ∀X.∀Y.((X) ⇒ (Y)) ⇒ ((X) ⇒ (Y))
OK
